// Jest Snapshot v1, https://goo.gl/fbAQLP

exports[`ListContainer renders a list of characters from Hey Arnold 1`] = `
<ul
  aria-label="character-list"
>
  <li>
    <figure
      aria-label="character"
    >
      <img
        alt="Rick Sanchez"
        src="https://rickandmortyapi.com/api/character/avatar/1.jpeg"
      />
      <p>
        Nme: 
        Rick Sanchez
      </p>
      <p>
        Status: 
        Alive
      </p>
      <p>
        Species: 
        Human
      </p>
    </figure>
  </li>
  <li>
    <figure
      aria-label="character"
    >
      <img
        alt="Morty Smith"
        src="https://rickandmortyapi.com/api/character/avatar/2.jpeg"
      />
      <p>
        Nme: 
        Morty Smith
      </p>
      <p>
        Status: 
        Alive
      </p>
      <p>
        Species: 
        Human
      </p>
    </figure>
  </li>
  <li>
    <figure
      aria-label="character"
    >
      <img
        alt="Summer Smith"
        src="https://rickandmortyapi.com/api/character/avatar/3.jpeg"
      />
      <p>
        Nme: 
        Summer Smith
      </p>
      <p>
        Status: 
        Alive
      </p>
      <p>
        Species: 
        Human
      </p>
    </figure>
  </li>
  <li>
    <figure
      aria-label="character"
    >
      <img
        alt="Beth Smith"
        src="https://rickandmortyapi.com/api/character/avatar/4.jpeg"
      />
      <p>
        Nme: 
        Beth Smith
      </p>
      <p>
        Status: 
        Alive
      </p>
      <p>
        Species: 
        Human
      </p>
    </figure>
  </li>
  <li>
    <figure
      aria-label="character"
    >
      <img
        alt="Jerry Smith"
        src="https://rickandmortyapi.com/api/character/avatar/5.jpeg"
      />
      <p>
        Nme: 
        Jerry Smith
      </p>
      <p>
        Status: 
        Alive
      </p>
      <p>
        Species: 
        Human
      </p>
    </figure>
  </li>
  <li>
    <figure
      aria-label="character"
    >
      <img
        alt="Abadango Cluster Princess"
        src="https://rickandmortyapi.com/api/character/avatar/6.jpeg"
      />
      <p>
        Nme: 
        Abadango Cluster Princess
      </p>
      <p>
        Status: 
        Alive
      </p>
      <p>
        Species: 
        Alien
      </p>
    </figure>
  </li>
  <li>
    <figure
      aria-label="character"
    >
      <img
        alt="Abradolf Lincler"
        src="https://rickandmortyapi.com/api/character/avatar/7.jpeg"
      />
      <p>
        Nme: 
        Abradolf Lincler
      </p>
      <p>
        Status: 
        unknown
      </p>
      <p>
        Species: 
        Human
      </p>
    </figure>
  </li>
  <li>
    <figure
      aria-label="character"
    >
      <img
        alt="Adjudicator Rick"
        src="https://rickandmortyapi.com/api/character/avatar/8.jpeg"
      />
      <p>
        Nme: 
        Adjudicator Rick
      </p>
      <p>
        Status: 
        Dead
      </p>
      <p>
        Species: 
        Human
      </p>
    </figure>
  </li>
  <li>
    <figure
      aria-label="character"
    >
      <img
        alt="Agency Director"
        src="https://rickandmortyapi.com/api/character/avatar/9.jpeg"
      />
      <p>
        Nme: 
        Agency Director
      </p>
      <p>
        Status: 
        Dead
      </p>
      <p>
        Species: 
        Human
      </p>
    </figure>
  </li>
  <li>
    <figure
      aria-label="character"
    >
      <img
        alt="Alan Rails"
        src="https://rickandmortyapi.com/api/character/avatar/10.jpeg"
      />
      <p>
        Nme: 
        Alan Rails
      </p>
      <p>
        Status: 
        Dead
      </p>
      <p>
        Species: 
        Human
      </p>
    </figure>
  </li>
  <li>
    <figure
      aria-label="character"
    >
      <img
        alt="Albert Einstein"
        src="https://rickandmortyapi.com/api/character/avatar/11.jpeg"
      />
      <p>
        Nme: 
        Albert Einstein
      </p>
      <p>
        Status: 
        Dead
      </p>
      <p>
        Species: 
        Human
      </p>
    </figure>
  </li>
  <li>
    <figure
      aria-label="character"
    >
      <img
        alt="Alexander"
        src="https://rickandmortyapi.com/api/character/avatar/12.jpeg"
      />
      <p>
        Nme: 
        Alexander
      </p>
      <p>
        Status: 
        Dead
      </p>
      <p>
        Species: 
        Human
      </p>
    </figure>
  </li>
  <li>
    <figure
      aria-label="character"
    >
      <img
        alt="Alien Googah"
        src="https://rickandmortyapi.com/api/character/avatar/13.jpeg"
      />
      <p>
        Nme: 
        Alien Googah
      </p>
      <p>
        Status: 
        unknown
      </p>
      <p>
        Species: 
        Alien
      </p>
    </figure>
  </li>
  <li>
    <figure
      aria-label="character"
    >
      <img
        alt="Alien Morty"
        src="https://rickandmortyapi.com/api/character/avatar/14.jpeg"
      />
      <p>
        Nme: 
        Alien Morty
      </p>
      <p>
        Status: 
        unknown
      </p>
      <p>
        Species: 
        Alien
      </p>
    </figure>
  </li>
  <li>
    <figure
      aria-label="character"
    >
      <img
        alt="Alien Rick"
        src="https://rickandmortyapi.com/api/character/avatar/15.jpeg"
      />
      <p>
        Nme: 
        Alien Rick
      </p>
      <p>
        Status: 
        unknown
      </p>
      <p>
        Species: 
        Alien
      </p>
    </figure>
  </li>
  <li>
    <figure
      aria-label="character"
    >
      <img
        alt="Amish Cyborg"
        src="https://rickandmortyapi.com/api/character/avatar/16.jpeg"
      />
      <p>
        Nme: 
        Amish Cyborg
      </p>
      <p>
        Status: 
        Dead
      </p>
      <p>
        Species: 
        Alien
      </p>
    </figure>
  </li>
  <li>
    <figure
      aria-label="character"
    >
      <img
        alt="Annie"
        src="https://rickandmortyapi.com/api/character/avatar/17.jpeg"
      />
      <p>
        Nme: 
        Annie
      </p>
      <p>
        Status: 
        Alive
      </p>
      <p>
        Species: 
        Human
      </p>
    </figure>
  </li>
  <li>
    <figure
      aria-label="character"
    >
      <img
        alt="Antenna Morty"
        src="https://rickandmortyapi.com/api/character/avatar/18.jpeg"
      />
      <p>
        Nme: 
        Antenna Morty
      </p>
      <p>
        Status: 
        Alive
      </p>
      <p>
        Species: 
        Human
      </p>
    </figure>
  </li>
  <li>
    <figure
      aria-label="character"
    >
      <img
        alt="Antenna Rick"
        src="https://rickandmortyapi.com/api/character/avatar/19.jpeg"
      />
      <p>
        Nme: 
        Antenna Rick
      </p>
      <p>
        Status: 
        unknown
      </p>
      <p>
        Species: 
        Human
      </p>
    </figure>
  </li>
  <li>
    <figure
      aria-label="character"
    >
      <img
        alt="Ants in my Eyes Johnson"
        src="https://rickandmortyapi.com/api/character/avatar/20.jpeg"
      />
      <p>
        Nme: 
        Ants in my Eyes Johnson
      </p>
      <p>
        Status: 
        unknown
      </p>
      <p>
        Species: 
        Human
      </p>
    </figure>
  </li>
</ul>
`;
